// Jest Snapshot v1, https://goo.gl/fbAQLP

exports[`unit testing for chart it should render some data 1`] = `
<div>
  10
</div>
`;
