// Jest Snapshot v1, https://goo.gl/fbAQLP

exports[`Test Dashboard component renders correctly 1`] = `
<View>
  <View>
    <Text
      accessible={true}
      allowFontScaling={true}
      ellipsizeMode="tail"
    >
      Income
    </Text>
    <Text
      accessible={true}
      allowFontScaling={true}
      ellipsizeMode="tail"
    >
      Expenses
    </Text>
    <Text
      accessible={true}
      allowFontScaling={true}
      ellipsizeMode="tail"
    >
      Balance
    </Text>
  </View>
  <View>
    <Text
      accessible={true}
      allowFontScaling={true}
      ellipsizeMode="tail"
    >
      Expenses by category
    </Text>
  </View>
  <View>
    <Text
      accessible={true}
      allowFontScaling={true}
      ellipsizeMode="tail"
    >
      Dream come true
    </Text>
  </View>
  <View
    accessibilityComponentType="button"
    accessibilityLabel={undefined}
    accessibilityTraits={
      Array [
        "button",
      ]
    }
    accessible={true}
    hitSlop={undefined}
    isTVSelectable={true}
    onLayout={undefined}
    onResponderGrant={[Function]}
    onResponderMove={[Function]}
    onResponderRelease={[Function]}
    onResponderTerminate={[Function]}
    onResponderTerminationRequest={[Function]}
    onStartShouldSetResponder={[Function]}
    style={
      Object {
        "opacity": 1,
      }
    }
    testID={undefined}
    tvParallaxProperties={undefined}
  >
    <View
      style={
        Array [
          Object {},
        ]
      }
    >
      <Text
        accessible={true}
        allowFontScaling={true}
        ellipsizeMode="tail"
        style={
          Array [
            Object {
              "color": "#0C42FD",
              "fontSize": 18,
              "padding": 8,
              "textAlign": "center",
            },
          ]
        }
      >
        +
      </Text>
    </View>
  </View>
</View>
`;
