// Jest Snapshot v1, https://goo.gl/fbAQLP

exports[`<IncomeForm /> should render a Text 1`] = `
ShallowWrapper {
  "complexSelector": ComplexSelector {
    "buildPredicate": [Function],
    "childrenOfNode": [Function],
    "findWhereUnwrapped": [Function],
  },
  "length": 1,
  "node": <View>
    <Text
        accessible={true}
        allowFontScaling={true}
        ellipsizeMode="tail"
    >
        Income
    </Text>
    <TextInput />
    <TextInput />
    <Button
        onPress={[Function]}
        title=""
    />
</View>,
  "nodes": Array [
    <View>
      <Text
            accessible={true}
            allowFontScaling={true}
            ellipsizeMode="tail"
      >
            Income
      </Text>
      <TextInput />
      <TextInput />
      <Button
            onPress={[Function]}
            title=""
      />
</View>,
  ],
  "options": Object {},
  "renderer": ReactShallowRenderer {
    "_instance": ShallowComponentWrapper {
      "_calledComponentWillUnmount": false,
      "_compositeType": 0,
      "_context": Object {},
      "_currentElement": <IncomeForm />,
      "_debugID": 1,
      "_hostContainerInfo": null,
      "_hostParent": null,
      "_instance": IncomeForm {
        "_reactInternalInstance": [Circular],
        "context": Object {},
        "props": Object {},
        "refs": Object {},
        "state": null,
        "updater": Object {
          "enqueueCallback": [Function],
          "enqueueCallbackInternal": [Function],
          "enqueueElementInternal": [Function],
          "enqueueForceUpdate": [Function],
          "enqueueReplaceState": [Function],
          "enqueueSetState": [Function],
          "isMounted": [Function],
          "validateCallback": [Function],
        },
      },
      "_mountOrder": 1,
      "_pendingCallbacks": null,
      "_pendingElement": null,
      "_pendingForceUpdate": false,
      "_pendingReplaceState": false,
      "_pendingStateQueue": null,
      "_renderedComponent": NoopInternalComponent {
        "_currentElement": <View>
          <Text
                    accessible={true}
                    allowFontScaling={true}
                    ellipsizeMode="tail"
          >
                    Income
          </Text>
          <TextInput />
          <TextInput />
          <Button
                    onPress={[Function]}
                    title=""
          />
</View>,
        "_debugID": 2,
        "_renderedOutput": <View>
          <Text
                    accessible={true}
                    allowFontScaling={true}
                    ellipsizeMode="tail"
          >
                    Income
          </Text>
          <TextInput />
          <TextInput />
          <Button
                    onPress={[Function]}
                    title=""
          />
</View>,
      },
      "_renderedNodeType": 1,
      "_rootNodeID": 0,
      "_topLevelWrapper": null,
      "_updateBatchNumber": null,
      "_warnedAboutRefsInRender": false,
    },
    "getRenderOutput": [Function],
    "render": [Function],
  },
  "root": [Circular],
  "unrendered": <IncomeForm />,
}
`;
