// Jest Snapshot v1, https://goo.gl/fbAQLP

exports[`Test Notification Logic component renders correctly 1`] = `
<View>
  <View>
    <Text
      accessible={true}
      allowFontScaling={true}
      ellipsizeMode="tail"
    >
      AppBar
    </Text>
  </View>
  <View>
    <Text
      accessible={true}
      allowFontScaling={true}
      ellipsizeMode="tail"
    >
      Notification List
    </Text>
  </View>
</View>
`;

exports[`Test Notification Logic component should show up overlimit warning in notification 1`] = `
ShallowWrapper {
  "complexSelector": ComplexSelector {
    "buildPredicate": [Function],
    "childrenOfNode": [Function],
    "findWhereUnwrapped": [Function],
  },
  "length": 1,
  "node": <View>
    <AppBar />
    <NotificationList />
    <Text
        accessible={true}
        allowFontScaling={true}
        ellipsizeMode="tail"
    >
        Overlimit
    </Text>
</View>,
  "nodes": Array [
    <View>
      <AppBar />
      <NotificationList />
      <Text
            accessible={true}
            allowFontScaling={true}
            ellipsizeMode="tail"
      >
            Overlimit
      </Text>
</View>,
  ],
  "options": Object {},
  "renderer": ReactShallowRenderer {
    "_instance":  {
      "_calledComponentWillUnmount": false,
      "_compositeType": 0,
      "_context": Object {},
      "_currentElement": <Transactions />,
      "_debugID": 18,
      "_hostContainerInfo": null,
      "_hostParent": null,
      "_instance": Transactions {
        "_reactInternalInstance": [Circular],
        "context": Object {},
        "props": Object {},
        "refs": Object {},
        "state": Object {
          "expense": 2000,
          "income": 1000,
        },
        "updater": Object {
          "enqueueCallback": [Function],
          "enqueueCallbackInternal": [Function],
          "enqueueElementInternal": [Function],
          "enqueueForceUpdate": [Function],
          "enqueueReplaceState": [Function],
          "enqueueSetState": [Function],
          "isMounted": [Function],
          "validateCallback": [Function],
        },
      },
      "_mountOrder": 2,
      "_pendingCallbacks": null,
      "_pendingElement": null,
      "_pendingForceUpdate": false,
      "_pendingReplaceState": false,
      "_pendingStateQueue": null,
      "_renderedComponent": NoopInternalComponent {
        "_currentElement": <View>
          <AppBar />
          <NotificationList />
          <Text
                    accessible={true}
                    allowFontScaling={true}
                    ellipsizeMode="tail"
          >
                    Overlimit
          </Text>
</View>,
        "_debugID": 19,
        "_renderedOutput": <View>
          <AppBar />
          <NotificationList />
          <Text
                    accessible={true}
                    allowFontScaling={true}
                    ellipsizeMode="tail"
          >
                    Overlimit
          </Text>
</View>,
      },
      "_renderedNodeType": 1,
      "_rootNodeID": 0,
      "_topLevelWrapper": null,
      "_updateBatchNumber": null,
      "_warnedAboutRefsInRender": false,
    },
    "getRenderOutput": [Function],
    "render": [Function],
  },
  "root": [Circular],
  "unrendered": <Transactions />,
}
`;
