// Jest Snapshot v1, https://goo.gl/fbAQLP

exports[`<SignUp /> should pass a selected value to the onChange handler 1`] = `
ShallowWrapper {
  "complexSelector": ComplexSelector {
    "buildPredicate": [Function],
    "childrenOfNode": [Function],
    "findWhereUnwrapped": [Function],
  },
  "length": 1,
  "node": <TextInput
    onChange={[Function]}
/>,
  "nodes": Array [
    <TextInput
      onChange={[Function]}
/>,
  ],
  "options": Object {},
  "renderer": ReactShallowRenderer {
    "_instance":  {
      "_calledComponentWillUnmount": false,
      "_compositeType": 0,
      "_context": Object {},
      "_currentElement": <TextInput
        onChange={[Function]}
/>,
      "_debugID": 3,
      "_hostContainerInfo": null,
      "_hostParent": null,
      "_instance": Component {
        "_getText": [Function],
        "_onBlur": [Function],
        "_onChange": [Function],
        "_onFocus": [Function],
        "_onPress": [Function],
        "_onScroll": [Function],
        "_onSelectionChange": [Function],
        "_onTextInput": [Function],
        "_reactInternalInstance": [Circular],
        "_renderAndroid": [Function],
        "_renderIOS": [Function],
        "_setNativeRef": [Function],
        "blur": [Function],
        "cancelAnimationFrame": [Function],
        "clear": [Function],
        "clearImmediate": [Function],
        "clearInterval": [Function],
        "clearTimeout": [Function],
        "context": Object {
          "focusEmitter": undefined,
          "onFocusRequested": undefined,
        },
        "focus": [Function],
        "isFocused": [Function],
        "measure": [Function],
        "measureInWindow": [Function],
        "measureLayout": [Function],
        "props": Object {
          "onChange": [Function],
        },
        "refs": Object {},
        "requestAnimationFrame": [Function],
        "setImmediate": [Function],
        "setInterval": [Function],
        "setNativeProps": [Function],
        "setTimeout": [Function],
        "state": null,
        "updater": Object {
          "enqueueCallback": [Function],
          "enqueueCallbackInternal": [Function],
          "enqueueElementInternal": [Function],
          "enqueueForceUpdate": [Function],
          "enqueueReplaceState": [Function],
          "enqueueSetState": [Function],
          "isMounted": [Function],
          "validateCallback": [Function],
        },
      },
      "_mountOrder": 2,
      "_pendingCallbacks": null,
      "_pendingElement": null,
      "_pendingForceUpdate": false,
      "_pendingReplaceState": false,
      "_pendingStateQueue": null,
      "_renderedComponent": NoopInternalComponent {
        "_currentElement": <TextInput
          onChange={[Function]}
/>,
        "_debugID": 4,
        "_renderedOutput": <TextInput
          onChange={[Function]}
/>,
      },
      "_renderedNodeType": 0,
      "_rootNodeID": 0,
      "_topLevelWrapper": null,
      "_updateBatchNumber": null,
      "_warnedAboutRefsInRender": false,
    },
    "getRenderOutput": [Function],
    "render": [Function],
  },
  "root": [Circular],
  "unrendered": <TextInput
    onChange={[Function]}
/>,
}
`;