// Jest Snapshot v1, https://goo.gl/fbAQLP

exports[`<SignIn /> it should render successfull 1`] = `[Function]`;
